// Jest Snapshot v1, https://goo.gl/fbAQLP

exports[`input-snapshoot 1`] = `
<input
  checked={false}
  data-testid="input1"
  name="input1"
  onChange={[Function]}
  style={
    Object {
      "height": 20,
      "width": 20,
    }
  }
  type="checkbox"
/>
`;
